Archive member included to satisfy reference by file (symbol)

d:/programy/stm32cubeide_1.4.0/stm32cubeide/plugins/com.st.stm32cube.ide.mcu.externaltools.gnu-tools-for-stm32.7-2018-q2-update.win32_1.4.0.202007081208/tools/bin/../lib/gcc/arm-none-eabi/7.3.1/../../../../arm-none-eabi/lib/thumb/v7e-m/fpv4-sp/hard\libc_nano.a(lib_a-errno.o)
                              Core/Src/syscalls.o (__errno)
d:/programy/stm32cubeide_1.4.0/stm32cubeide/plugins/com.st.stm32cube.ide.mcu.externaltools.gnu-tools-for-stm32.7-2018-q2-update.win32_1.4.0.202007081208/tools/bin/../lib/gcc/arm-none-eabi/7.3.1/../../../../arm-none-eabi/lib/thumb/v7e-m/fpv4-sp/hard\libc_nano.a(lib_a-exit.o)
                              d:/programy/stm32cubeide_1.4.0/stm32cubeide/plugins/com.st.stm32cube.ide.mcu.externaltools.gnu-tools-for-stm32.7-2018-q2-update.win32_1.4.0.202007081208/tools/bin/../lib/gcc/arm-none-eabi/7.3.1/../../../../arm-none-eabi/lib/thumb/v7e-m/fpv4-sp/hard/crt0.o (exit)
d:/programy/stm32cubeide_1.4.0/stm32cubeide/plugins/com.st.stm32cube.ide.mcu.externaltools.gnu-tools-for-stm32.7-2018-q2-update.win32_1.4.0.202007081208/tools/bin/../lib/gcc/arm-none-eabi/7.3.1/../../../../arm-none-eabi/lib/thumb/v7e-m/fpv4-sp/hard\libc_nano.a(lib_a-impure.o)
                              d:/programy/stm32cubeide_1.4.0/stm32cubeide/plugins/com.st.stm32cube.ide.mcu.externaltools.gnu-tools-for-stm32.7-2018-q2-update.win32_1.4.0.202007081208/tools/bin/../lib/gcc/arm-none-eabi/7.3.1/../../../../arm-none-eabi/lib/thumb/v7e-m/fpv4-sp/hard\libc_nano.a(lib_a-exit.o) (_global_impure_ptr)
d:/programy/stm32cubeide_1.4.0/stm32cubeide/plugins/com.st.stm32cube.ide.mcu.externaltools.gnu-tools-for-stm32.7-2018-q2-update.win32_1.4.0.202007081208/tools/bin/../lib/gcc/arm-none-eabi/7.3.1/../../../../arm-none-eabi/lib/thumb/v7e-m/fpv4-sp/hard\libc_nano.a(lib_a-init.o)
                              d:/programy/stm32cubeide_1.4.0/stm32cubeide/plugins/com.st.stm32cube.ide.mcu.externaltools.gnu-tools-for-stm32.7-2018-q2-update.win32_1.4.0.202007081208/tools/bin/../lib/gcc/arm-none-eabi/7.3.1/../../../../arm-none-eabi/lib/thumb/v7e-m/fpv4-sp/hard/crt0.o (__libc_init_array)
d:/programy/stm32cubeide_1.4.0/stm32cubeide/plugins/com.st.stm32cube.ide.mcu.externaltools.gnu-tools-for-stm32.7-2018-q2-update.win32_1.4.0.202007081208/tools/bin/../lib/gcc/arm-none-eabi/7.3.1/../../../../arm-none-eabi/lib/thumb/v7e-m/fpv4-sp/hard\libc_nano.a(lib_a-memset.o)
                              d:/programy/stm32cubeide_1.4.0/stm32cubeide/plugins/com.st.stm32cube.ide.mcu.externaltools.gnu-tools-for-stm32.7-2018-q2-update.win32_1.4.0.202007081208/tools/bin/../lib/gcc/arm-none-eabi/7.3.1/../../../../arm-none-eabi/lib/thumb/v7e-m/fpv4-sp/hard/crt0.o (memset)

Allocating common symbols
Common symbol       size              file

dir_m1              0x2               Core/Src/main.o
hadc2               0x50              Core/Src/adc.o
czuj4               0x2               Core/Src/main.o
hi2c1               0x4c              Core/Src/i2c.o
czuj1               0x2               Core/Src/main.o
htim17              0x4c              Core/Src/tim.o
czuj6               0x2               Core/Src/main.o
uwTick              0x4               Drivers/STM32F3xx_HAL_Driver/stm32f3xx_hal.o
pFlash              0x20              Drivers/STM32F3xx_HAL_Driver/stm32f3xx_hal_flash.o
htim3               0x4c              Core/Src/tim.o
pwm_m1              0x2               Core/Src/main.o
hadc1               0x50              Core/Src/adc.o
czuj2               0x2               Core/Src/main.o
pwm_m2              0x2               Core/Src/main.o
czuj5               0x2               Core/Src/main.o
hspi1               0x64              Core/Src/spi.o
htim16              0x4c              Core/Src/tim.o
dir_m2              0x2               Core/Src/main.o
czuj3               0x2               Core/Src/main.o

Discarded input sections

 .text          0x0000000000000000        0x0 d:/programy/stm32cubeide_1.4.0/stm32cubeide/plugins/com.st.stm32cube.ide.mcu.externaltools.gnu-tools-for-stm32.7-2018-q2-update.win32_1.4.0.202007081208/tools/bin/../lib/gcc/arm-none-eabi/7.3.1/thumb/v7e-m/fpv4-sp/hard/crti.o
 .data          0x0000000000000000        0x0 d:/programy/stm32cubeide_1.4.0/stm32cubeide/plugins/com.st.stm32cube.ide.mcu.externaltools.gnu-tools-for-stm32.7-2018-q2-update.win32_1.4.0.202007081208/tools/bin/../lib/gcc/arm-none-eabi/7.3.1/thumb/v7e-m/fpv4-sp/hard/crti.o
 .bss           0x0000000000000000        0x0 d:/programy/stm32cubeide_1.4.0/stm32cubeide/plugins/com.st.stm32cube.ide.mcu.externaltools.gnu-tools-for-stm32.7-2018-q2-update.win32_1.4.0.202007081208/tools/bin/../lib/gcc/arm-none-eabi/7.3.1/thumb/v7e-m/fpv4-sp/hard/crti.o
 .data          0x0000000000000000        0x4 d:/programy/stm32cubeide_1.4.0/stm32cubeide/plugins/com.st.stm32cube.ide.mcu.externaltools.gnu-tools-for-stm32.7-2018-q2-update.win32_1.4.0.202007081208/tools/bin/../lib/gcc/arm-none-eabi/7.3.1/thumb/v7e-m/fpv4-sp/hard/crtbegin.o
[...]
Memory Configuration

Name             Origin             Length             Attributes
CCMRAM           0x0000000010000000 0x0000000000001000 xrw
RAM              0x0000000020000000 0x0000000000003000 xrw
FLASH            0x0000000008000000 0x0000000000010000 xr
*default*        0x0000000000000000 0xffffffffffffffff

Linker script and memory map

LOAD d:/programy/stm32cubeide_1.4.0/stm32cubeide/plugins/com.st.stm32cube.ide.mcu.externaltools.gnu-tools-for-stm32.7-2018-q2-update.win32_1.4.0.202007081208/tools/bin/../lib/gcc/arm-none-eabi/7.3.1/thumb/v7e-m/fpv4-sp/hard/crti.o
LOAD d:/programy/stm32cubeide_1.4.0/stm32cubeide/plugins/com.st.stm32cube.ide.mcu.externaltools.gnu-tools-for-stm32.7-2018-q2-update.win32_1.4.0.202007081208/tools/bin/../lib/gcc/arm-none-eabi/7.3.1/thumb/v7e-m/fpv4-sp/hard/crtbegin.o
LOAD d:/programy/stm32cubeide_1.4.0/stm32cubeide/plugins/com.st.stm32cube.ide.mcu.externaltools.gnu-tools-for-stm32.7-2018-q2-update.win32_1.4.0.202007081208/tools/bin/../lib/gcc/arm-none-eabi/7.3.1/../../../../arm-none-eabi/lib/thumb/v7e-m/fpv4-sp/hard/crt0.o
LOAD Core/Src/adc.o
LOAD Core/Src/gpio.o
LOAD Core/Src/i2c.o
LOAD Core/Src/main.o
LOAD Core/Src/spi.o
LOAD Core/Src/stm32f3xx_hal_msp.o
LOAD Core/Src/stm32f3xx_it.o
LOAD Core/Src/syscalls.o
LOAD Core/Src/sysmem.o
LOAD Core/Src/system_stm32f3xx.o
LOAD Core/Src/tim.o
LOAD Core/Startup/startup_stm32f303k8tx.o
LOAD Drivers/STM32F3xx_HAL_Driver/stm32f3xx_hal.o
LOAD Drivers/STM32F3xx_HAL_Driver/stm32f3xx_hal_adc.o
LOAD Drivers/STM32F3xx_HAL_Driver/stm32f3xx_hal_adc_ex.o
LOAD Drivers/STM32F3xx_HAL_Driver/stm32f3xx_hal_cortex.o
LOAD Drivers/STM32F3xx_HAL_Driver/stm32f3xx_hal_dma.o
LOAD Drivers/STM32F3xx_HAL_Driver/stm32f3xx_hal_exti.o
LOAD Drivers/STM32F3xx_HAL_Driver/stm32f3xx_hal_flash.o
LOAD Drivers/STM32F3xx_HAL_Driver/stm32f3xx_hal_flash_ex.o
LOAD Drivers/STM32F3xx_HAL_Driver/stm32f3xx_hal_gpio.o
LOAD Drivers/STM32F3xx_HAL_Driver/stm32f3xx_hal_i2c.o
LOAD Drivers/STM32F3xx_HAL_Driver/stm32f3xx_hal_i2c_ex.o
LOAD Drivers/STM32F3xx_HAL_Driver/stm32f3xx_hal_pwr.o
LOAD Drivers/STM32F3xx_HAL_Driver/stm32f3xx_hal_pwr_ex.o
LOAD Drivers/STM32F3xx_HAL_Driver/stm32f3xx_hal_rcc.o
LOAD Drivers/STM32F3xx_HAL_Driver/stm32f3xx_hal_rcc_ex.o
LOAD Drivers/STM32F3xx_HAL_Driver/stm32f3xx_hal_spi.o
LOAD Drivers/STM32F3xx_HAL_Driver/stm32f3xx_hal_spi_ex.o
LOAD Drivers/STM32F3xx_HAL_Driver/stm32f3xx_hal_tim.o
LOAD Drivers/STM32F3xx_HAL_Driver/stm32f3xx_hal_tim_ex.o
START GROUP
LOAD d:/programy/stm32cubeide_1.4.0/stm32cubeide/plugins/com.st.stm32cube.ide.mcu.externaltools.gnu-tools-for-stm32.7-2018-q2-update.win32_1.4.0.202007081208/tools/bin/../lib/gcc/arm-none-eabi/7.3.1/../../../../arm-none-eabi/lib/thumb/v7e-m/fpv4-sp/hard\libc_nano.a
LOAD d:/programy/stm32cubeide_1.4.0/stm32cubeide/plugins/com.st.stm32cube.ide.mcu.externaltools.gnu-tools-for-stm32.7-2018-q2-update.win32_1.4.0.202007081208/tools/bin/../lib/gcc/arm-none-eabi/7.3.1/../../../../arm-none-eabi/lib/thumb/v7e-m/fpv4-sp/hard\libm.a
END GROUP
START GROUP
LOAD d:/programy/stm32cubeide_1.4.0/stm32cubeide/plugins/com.st.stm32cube.ide.mcu.externaltools.gnu-tools-for-stm32.7-2018-q2-update.win32_1.4.0.202007081208/tools/bin/../lib/gcc/arm-none-eabi/7.3.1/thumb/v7e-m/fpv4-sp/hard\libgcc.a
LOAD d:/programy/stm32cubeide_1.4.0/stm32cubeide/plugins/com.st.stm32cube.ide.mcu.externaltools.gnu-tools-for-stm32.7-2018-q2-update.win32_1.4.0.202007081208/tools/bin/../lib/gcc/arm-none-eabi/7.3.1/../../../../arm-none-eabi/lib/thumb/v7e-m/fpv4-sp/hard\libc_nano.a
END GROUP
START GROUP
LOAD d:/programy/stm32cubeide_1.4.0/stm32cubeide/plugins/com.st.stm32cube.ide.mcu.externaltools.gnu-tools-for-stm32.7-2018-q2-update.win32_1.4.0.202007081208/tools/bin/../lib/gcc/arm-none-eabi/7.3.1/thumb/v7e-m/fpv4-sp/hard\libgcc.a
LOAD d:/programy/stm32cubeide_1.4.0/stm32cubeide/plugins/com.st.stm32cube.ide.mcu.externaltools.gnu-tools-for-stm32.7-2018-q2-update.win32_1.4.0.202007081208/tools/bin/../lib/gcc/arm-none-eabi/7.3.1/../../../../arm-none-eabi/lib/thumb/v7e-m/fpv4-sp/hard\libc_nano.a
LOAD d:/programy/stm32cubeide_1.4.0/stm32cubeide/plugins/com.st.stm32cube.ide.mcu.externaltools.gnu-tools-for-stm32.7-2018-q2-update.win32_1.4.0.202007081208/tools/bin/../lib/gcc/arm-none-eabi/7.3.1/../../../../arm-none-eabi/lib/thumb/v7e-m/fpv4-sp/hard\libnosys.a
END GROUP
START GROUP
LOAD d:/programy/stm32cubeide_1.4.0/stm32cubeide/plugins/com.st.stm32cube.ide.mcu.externaltools.gnu-tools-for-stm32.7-2018-q2-update.win32_1.4.0.202007081208/tools/bin/../lib/gcc/arm-none-eabi/7.3.1/thumb/v7e-m/fpv4-sp/hard\libgcc.a
LOAD d:/programy/stm32cubeide_1.4.0/stm32cubeide/plugins/com.st.stm32cube.ide.mcu.externaltools.gnu-tools-for-stm32.7-2018-q2-update.win32_1.4.0.202007081208/tools/bin/../lib/gcc/arm-none-eabi/7.3.1/../../../../arm-none-eabi/lib/thumb/v7e-m/fpv4-sp/hard\libc_nano.a
LOAD d:/programy/stm32cubeide_1.4.0/stm32cubeide/plugins/com.st.stm32cube.ide.mcu.externaltools.gnu-tools-for-stm32.7-2018-q2-update.win32_1.4.0.202007081208/tools/bin/../lib/gcc/arm-none-eabi/7.3.1/../../../../arm-none-eabi/lib/thumb/v7e-m/fpv4-sp/hard\libnosys.a
END GROUP
LOAD d:/programy/stm32cubeide_1.4.0/stm32cubeide/plugins/com.st.stm32cube.ide.mcu.externaltools.gnu-tools-for-stm32.7-2018-q2-update.win32_1.4.0.202007081208/tools/bin/../lib/gcc/arm-none-eabi/7.3.1/thumb/v7e-m/fpv4-sp/hard/crtend.o
LOAD d:/programy/stm32cubeide_1.4.0/stm32cubeide/plugins/com.st.stm32cube.ide.mcu.externaltools.gnu-tools-for-stm32.7-2018-q2-update.win32_1.4.0.202007081208/tools/bin/../lib/gcc/arm-none-eabi/7.3.1/thumb/v7e-m/fpv4-sp/hard/crtn.o
                0x0000000020003000                _estack = (ORIGIN (RAM) + LENGTH (RAM))
                0x0000000000000200                _Min_Heap_Size = 0x200
                0x0000000000000400                _Min_Stack_Size = 0x400

.isr_vector     0x0000000008000000      0x188
                0x0000000008000000                . = ALIGN (0x4)
 *(.isr_vector)
 .isr_vector    0x0000000008000000      0x188 Core/Startup/startup_stm32f303k8tx.o
                0x0000000008000000                g_pfnVectors
                0x0000000008000188                . = ALIGN (0x4)

.text           0x0000000008000188     0x58b4
                0x0000000008000188                . = ALIGN (0x4)
 *(.text)
 .text          0x0000000008000188       0x40 d:/programy/stm32cubeide_1.4.0/stm32cubeide/plugins/com.st.stm32cube.ide.mcu.externaltools.gnu-tools-for-stm32.7-2018-q2-update.win32_1.4.0.202007081208/tools/bin/../lib/gcc/arm-none-eabi/7.3.1/thumb/v7e-m/fpv4-sp/hard/crtbegin.o
 *(.text*)
 .text.MX_ADC1_Init
                0x00000000080001c8       0xe0 Core/Src/adc.o
                0x00000000080001c8                MX_ADC1_Init
 .text.MX_ADC2_Init
                0x00000000080002a8       0xbc Core/Src/adc.o
                0x00000000080002a8                MX_ADC2_Init
 .text.HAL_ADC_MspInit
                0x0000000008000364      0x11c Core/Src/adc.o
                0x0000000008000364                HAL_ADC_MspInit
 .text.MX_GPIO_Init
                0x0000000008000480       0xec Core/Src/gpio.o
                0x0000000008000480                MX_GPIO_Init
 .text.MX_I2C1_Init
                0x000000000800056c       0x80 Core/Src/i2c.o
                0x000000000800056c                MX_I2C1_Init
 .text.HAL_I2C_MspInit
                0x00000000080005ec       0xa8 Core/Src/i2c.o
                0x00000000080005ec                HAL_I2C_MspInit
 .text.HAL_TIM_PeriodElapsedCallback
                0x0000000008000694       0x14 Core/Src/main.o
                0x0000000008000694                HAL_TIM_PeriodElapsedCallback
 .text.main     0x00000000080006a8       0x48 Core/Src/main.o
                0x00000000080006a8                main
 .text.SystemClock_Config
                0x00000000080006f0       0xb6 Core/Src/main.o
                0x00000000080006f0                SystemClock_Config
 .text.Error_Handler
                0x00000000080007a6        0x8 Core/Src/main.o
                0x00000000080007a6                Error_Handler
 *fill*         0x00000000080007ae        0x2 
 .text.MX_SPI1_Init
                0x00000000080007b0       0x7c Core/Src/spi.o
                0x00000000080007b0                MX_SPI1_Init
 .text.HAL_SPI_MspInit
                0x000000000800082c       0x98 Core/Src/spi.o
                0x000000000800082c                HAL_SPI_MspInit
 .text.HAL_MspInit
                0x00000000080008c4       0x48 Core/Src/stm32f3xx_hal_msp.o
                0x00000000080008c4                HAL_MspInit
 .text.NMI_Handler
                0x000000000800090c        0xe Core/Src/stm32f3xx_it.o
                0x000000000800090c                NMI_Handler
 .text.HardFault_Handler
                0x000000000800091a        0x6 Core/Src/stm32f3xx_it.o
                0x000000000800091a                HardFault_Handler
 .text.MemManage_Handler
                0x0000000008000920        0x6 Core/Src/stm32f3xx_it.o
                0x0000000008000920                MemManage_Handler
 .text.BusFault_Handler
                0x0000000008000926        0x6 Core/Src/stm32f3xx_it.o
                0x0000000008000926                BusFault_Handler
 .text.UsageFault_Handler
                0x000000000800092c        0x6 Core/Src/stm32f3xx_it.o
                0x000000000800092c                UsageFault_Handler
 .text.SVC_Handler
                0x0000000008000932        0xe Core/Src/stm32f3xx_it.o
                0x0000000008000932                SVC_Handler
 .text.DebugMon_Handler
                0x0000000008000940        0xe Core/Src/stm32f3xx_it.o
                0x0000000008000940                DebugMon_Handler
 .text.PendSV_Handler
                0x000000000800094e        0xe Core/Src/stm32f3xx_it.o
                0x000000000800094e                PendSV_Handler
 .text.SysTick_Handler
                0x000000000800095c        0xc Core/Src/stm32f3xx_it.o
                0x000000000800095c                SysTick_Handler
 .text.ADC1_2_IRQHandler
                0x0000000008000968       0x1c Core/Src/stm32f3xx_it.o
                0x0000000008000968                ADC1_2_IRQHandler
 .text.TIM1_UP_TIM16_IRQHandler
                0x0000000008000984       0x14 Core/Src/stm32f3xx_it.o
                0x0000000008000984                TIM1_UP_TIM16_IRQHandler
 .text.TIM3_IRQHandler
                0x0000000008000998       0x14 Core/Src/stm32f3xx_it.o
                0x0000000008000998                TIM3_IRQHandler
 .text.I2C1_EV_IRQHandler
                0x00000000080009ac       0x14 Core/Src/stm32f3xx_it.o
                0x00000000080009ac                I2C1_EV_IRQHandler
 .text.I2C1_ER_IRQHandler
                0x00000000080009c0       0x14 Core/Src/stm32f3xx_it.o
                0x00000000080009c0                I2C1_ER_IRQHandler
 .text.SPI1_IRQHandler
                0x00000000080009d4       0x14 Core/Src/stm32f3xx_it.o
                0x00000000080009d4                SPI1_IRQHandler
 .text.SystemInit
                0x00000000080009e8       0x24 Core/Src/system_stm32f3xx.o
                0x00000000080009e8                SystemInit
 .text.MX_TIM3_Init
                0x0000000008000a0c       0xb8 Core/Src/tim.o
                0x0000000008000a0c                MX_TIM3_Init
 .text.MX_TIM16_Init
                0x0000000008000ac4       0xf4 Core/Src/tim.o
                0x0000000008000ac4                MX_TIM16_Init
 .text.MX_TIM17_Init
                0x0000000008000bb8       0x4c Core/Src/tim.o
                0x0000000008000bb8                MX_TIM17_Init
 .text.HAL_TIM_PWM_MspInit
                0x0000000008000c04       0x4c Core/Src/tim.o
                0x0000000008000c04                HAL_TIM_PWM_MspInit
 .text.HAL_TIM_Base_MspInit
                0x0000000008000c50       0x74 Core/Src/tim.o
                0x0000000008000c50                HAL_TIM_Base_MspInit
 .text.HAL_TIM_MspPostInit
                0x0000000008000cc4       0xbc Core/Src/tim.o
                0x0000000008000cc4                HAL_TIM_MspPostInit
 .text.Reset_Handler
                0x0000000008000d80       0x50 Core/Startup/startup_stm32f303k8tx.o
                0x0000000008000d80                Reset_Handler
 .text.Default_Handler
                0x0000000008000dd0        0x2 Core/Startup/startup_stm32f303k8tx.o
                0x0000000008000dd0                RTC_Alarm_IRQHandler
                0x0000000008000dd0                TIM1_CC_IRQHandler
                0x0000000008000dd0                PVD_IRQHandler
                0x0000000008000dd0                TAMP_STAMP_IRQHandler
                0x0000000008000dd0                EXTI3_IRQHandler
                0x0000000008000dd0                EXTI0_IRQHandler
                0x0000000008000dd0                FPU_IRQHandler
                0x0000000008000dd0                CAN_TX_IRQHandler
                0x0000000008000dd0                CAN_SCE_IRQHandler
                0x0000000008000dd0                DMA1_Channel4_IRQHandler
                0x0000000008000dd0                USART3_IRQHandler
                0x0000000008000dd0                DMA1_Channel7_IRQHandler
                0x0000000008000dd0                TIM7_DAC2_IRQHandler
                0x0000000008000dd0                CAN_RX1_IRQHandler
                0x0000000008000dd0                DMA1_Channel6_IRQHandler
                0x0000000008000dd0                RCC_IRQHandler
                0x0000000008000dd0                DMA1_Channel1_IRQHandler
                0x0000000008000dd0                Default_Handler
                0x0000000008000dd0                EXTI15_10_IRQHandler
                0x0000000008000dd0                COMP2_IRQHandler
                0x0000000008000dd0                TIM6_DAC1_IRQHandler
                0x0000000008000dd0                EXTI9_5_IRQHandler
                0x0000000008000dd0                RTC_WKUP_IRQHandler
                0x0000000008000dd0                DMA1_Channel5_IRQHandler
                0x0000000008000dd0                EXTI4_IRQHandler
                0x0000000008000dd0                TIM1_TRG_COM_TIM17_IRQHandler
                0x0000000008000dd0                DMA1_Channel3_IRQHandler
                0x0000000008000dd0                WWDG_IRQHandler
                0x0000000008000dd0                TIM2_IRQHandler
                0x0000000008000dd0                EXTI1_IRQHandler
                0x0000000008000dd0                COMP4_6_IRQHandler
                0x0000000008000dd0                USART2_IRQHandler
                0x0000000008000dd0                DMA1_Channel2_IRQHandler
                0x0000000008000dd0                FLASH_IRQHandler
                0x0000000008000dd0                USART1_IRQHandler
                0x0000000008000dd0                CAN_RX0_IRQHandler
                0x0000000008000dd0                EXTI2_TSC_IRQHandler
                0x0000000008000dd0                TIM1_BRK_TIM15_IRQHandler
 *fill*         0x0000000008000dd2        0x2 
 .text.HAL_Init
                0x0000000008000dd4       0x2c Drivers/STM32F3xx_HAL_Driver/stm32f3xx_hal.o
                0x0000000008000dd4                HAL_Init
 .text.HAL_InitTick
                0x0000000008000e00       0x60 Drivers/STM32F3xx_HAL_Driver/stm32f3xx_hal.o
                0x0000000008000e00                HAL_InitTick
 .text.HAL_IncTick
                0x0000000008000e60       0x28 Drivers/STM32F3xx_HAL_Driver/stm32f3xx_hal.o
                0x0000000008000e60                HAL_IncTick
 .text.HAL_GetTick
                0x0000000008000e88       0x18 Drivers/STM32F3xx_HAL_Driver/stm32f3xx_hal.o
                0x0000000008000e88                HAL_GetTick
 .text.HAL_ADC_ConvCpltCallback
                0x0000000008000ea0       0x14 Drivers/STM32F3xx_HAL_Driver/stm32f3xx_hal_adc.o
                0x0000000008000ea0                HAL_ADC_ConvCpltCallback
 .text.HAL_ADC_LevelOutOfWindowCallback
                0x0000000008000eb4       0x14 Drivers/STM32F3xx_HAL_Driver/stm32f3xx_hal_adc.o
                0x0000000008000eb4                HAL_ADC_LevelOutOfWindowCallback
 .text.HAL_ADC_ErrorCallback
                0x0000000008000ec8       0x14 Drivers/STM32F3xx_HAL_Driver/stm32f3xx_hal_adc.o
                0x0000000008000ec8                HAL_ADC_ErrorCallback
 .text.HAL_ADC_Init
                0x0000000008000edc      0x324 Drivers/STM32F3xx_HAL_Driver/stm32f3xx_hal_adc_ex.o
                0x0000000008000edc                HAL_ADC_Init
 .text.HAL_ADC_IRQHandler
                0x0000000008001200      0x440 Drivers/STM32F3xx_HAL_Driver/stm32f3xx_hal_adc_ex.o
                0x0000000008001200                HAL_ADC_IRQHandler
 .text.HAL_ADCEx_InjectedConvCpltCallback
                0x0000000008001640       0x14 Drivers/STM32F3xx_HAL_Driver/stm32f3xx_hal_adc_ex.o
                0x0000000008001640                HAL_ADCEx_InjectedConvCpltCallback
 .text.HAL_ADCEx_InjectedQueueOverflowCallback
                0x0000000008001654       0x14 Drivers/STM32F3xx_HAL_Driver/stm32f3xx_hal_adc_ex.o
                0x0000000008001654                HAL_ADCEx_InjectedQueueOverflowCallback
 .text.HAL_ADCEx_LevelOutOfWindow2Callback
                0x0000000008001668       0x14 Drivers/STM32F3xx_HAL_Driver/stm32f3xx_hal_adc_ex.o
                0x0000000008001668                HAL_ADCEx_LevelOutOfWindow2Callback
 .text.HAL_ADCEx_LevelOutOfWindow3Callback
                0x000000000800167c       0x14 Drivers/STM32F3xx_HAL_Driver/stm32f3xx_hal_adc_ex.o
                0x000000000800167c                HAL_ADCEx_LevelOutOfWindow3Callback
 .text.HAL_ADC_ConfigChannel
                0x0000000008001690      0x584 Drivers/STM32F3xx_HAL_Driver/stm32f3xx_hal_adc_ex.o
                0x0000000008001690                HAL_ADC_ConfigChannel
 .text.HAL_ADCEx_MultiModeConfigChannel
                0x0000000008001c14      0x18c Drivers/STM32F3xx_HAL_Driver/stm32f3xx_hal_adc_ex.o
                0x0000000008001c14                HAL_ADCEx_MultiModeConfigChannel
 .text.ADC_Disable
                0x0000000008001da0       0xbe Drivers/STM32F3xx_HAL_Driver/stm32f3xx_hal_adc_ex.o
 *fill*         0x0000000008001e5e        0x2 
 .text.__NVIC_SetPriorityGrouping
                0x0000000008001e60       0x48 Drivers/STM32F3xx_HAL_Driver/stm32f3xx_hal_cortex.o
 .text.__NVIC_GetPriorityGrouping
                0x0000000008001ea8       0x1c Drivers/STM32F3xx_HAL_Driver/stm32f3xx_hal_cortex.o
 .text.__NVIC_EnableIRQ
                0x0000000008001ec4       0x3c Drivers/STM32F3xx_HAL_Driver/stm32f3xx_hal_cortex.o
 .text.__NVIC_SetPriority
                0x0000000008001f00       0x54 Drivers/STM32F3xx_HAL_Driver/stm32f3xx_hal_cortex.o
 .text.NVIC_EncodePriority
                0x0000000008001f54       0x66 Drivers/STM32F3xx_HAL_Driver/stm32f3xx_hal_cortex.o
 *fill*         0x0000000008001fba        0x2 
 .text.SysTick_Config
                0x0000000008001fbc       0x44 Drivers/STM32F3xx_HAL_Driver/stm32f3xx_hal_cortex.o
 .text.HAL_NVIC_SetPriorityGrouping
                0x0000000008002000       0x16 Drivers/STM32F3xx_HAL_Driver/stm32f3xx_hal_cortex.o
                0x0000000008002000                HAL_NVIC_SetPriorityGrouping
 .text.HAL_NVIC_SetPriority
                0x0000000008002016       0x38 Drivers/STM32F3xx_HAL_Driver/stm32f3xx_hal_cortex.o
                0x0000000008002016                HAL_NVIC_SetPriority
 .text.HAL_NVIC_EnableIRQ
                0x000000000800204e       0x1c Drivers/STM32F3xx_HAL_Driver/stm32f3xx_hal_cortex.o
                0x000000000800204e                HAL_NVIC_EnableIRQ
 .text.HAL_SYSTICK_Config
                0x000000000800206a       0x18 Drivers/STM32F3xx_HAL_Driver/stm32f3xx_hal_cortex.o
                0x000000000800206a                HAL_SYSTICK_Config
 .text.HAL_DMA_Abort_IT
                0x0000000008002082       0x7c Drivers/STM32F3xx_HAL_Driver/stm32f3xx_hal_dma.o
                0x0000000008002082                HAL_DMA_Abort_IT
 .text.HAL_DMA_GetState
                0x00000000080020fe       0x1a Drivers/STM32F3xx_HAL_Driver/stm32f3xx_hal_dma.o
                0x00000000080020fe                HAL_DMA_GetState
 .text.HAL_GPIO_Init
                0x0000000008002118      0x2e4 Drivers/STM32F3xx_HAL_Driver/stm32f3xx_hal_gpio.o
                0x0000000008002118                HAL_GPIO_Init
 .text.HAL_GPIO_WritePin
                0x00000000080023fc       0x30 Drivers/STM32F3xx_HAL_Driver/stm32f3xx_hal_gpio.o
                0x00000000080023fc                HAL_GPIO_WritePin
 .text.HAL_I2C_Init
                0x000000000800242c      0x11e Drivers/STM32F3xx_HAL_Driver/stm32f3xx_hal_i2c.o
                0x000000000800242c                HAL_I2C_Init
 .text.HAL_I2C_EV_IRQHandler
                0x000000000800254a       0x34 Drivers/STM32F3xx_HAL_Driver/stm32f3xx_hal_i2c.o
                0x000000000800254a                HAL_I2C_EV_IRQHandler
 .text.HAL_I2C_ER_IRQHandler
                0x000000000800257e       0xc2 Drivers/STM32F3xx_HAL_Driver/stm32f3xx_hal_i2c.o
                0x000000000800257e                HAL_I2C_ER_IRQHandler
 .text.HAL_I2C_SlaveTxCpltCallback
                0x0000000008002640       0x14 Drivers/STM32F3xx_HAL_Driver/stm32f3xx_hal_i2c.o
                0x0000000008002640                HAL_I2C_SlaveTxCpltCallback
 .text.HAL_I2C_SlaveRxCpltCallback
                0x0000000008002654       0x14 Drivers/STM32F3xx_HAL_Driver/stm32f3xx_hal_i2c.o
                0x0000000008002654                HAL_I2C_SlaveRxCpltCallback
 .text.HAL_I2C_AddrCallback
                0x0000000008002668       0x1c Drivers/STM32F3xx_HAL_Driver/stm32f3xx_hal_i2c.o
                0x0000000008002668                HAL_I2C_AddrCallback
 .text.HAL_I2C_ListenCpltCallback
                0x0000000008002684       0x14 Drivers/STM32F3xx_HAL_Driver/stm32f3xx_hal_i2c.o
                0x0000000008002684                HAL_I2C_ListenCpltCallback
 .text.HAL_I2C_ErrorCallback
                0x0000000008002698       0x14 Drivers/STM32F3xx_HAL_Driver/stm32f3xx_hal_i2c.o
                0x0000000008002698                HAL_I2C_ErrorCallback
 .text.HAL_I2C_AbortCpltCallback
                0x00000000080026ac       0x14 Drivers/STM32F3xx_HAL_Driver/stm32f3xx_hal_i2c.o
                0x00000000080026ac                HAL_I2C_AbortCpltCallback
 .text.I2C_Slave_ISR_IT
                0x00000000080026c0      0x206 Drivers/STM32F3xx_HAL_Driver/stm32f3xx_hal_i2c.o
 .text.I2C_ITAddrCplt
                0x00000000080028c6      0x108 Drivers/STM32F3xx_HAL_Driver/stm32f3xx_hal_i2c.o
 .text.I2C_ITSlaveSeqCplt
                0x00000000080029ce       0xbc Drivers/STM32F3xx_HAL_Driver/stm32f3xx_hal_i2c.o
 *fill*         0x0000000008002a8a        0x2 
 .text.I2C_ITSlaveCplt
                0x0000000008002a8c      0x214 Drivers/STM32F3xx_HAL_Driver/stm32f3xx_hal_i2c.o
 .text.I2C_ITListenCplt
                0x0000000008002ca0       0xac Drivers/STM32F3xx_HAL_Driver/stm32f3xx_hal_i2c.o
 .text.I2C_ITError
                0x0000000008002d4c      0x1a0 Drivers/STM32F3xx_HAL_Driver/stm32f3xx_hal_i2c.o
 .text.I2C_TreatErrorCallback
                0x0000000008002eec       0x4e Drivers/STM32F3xx_HAL_Driver/stm32f3xx_hal_i2c.o
 .text.I2C_Flush_TXDR
                0x0000000008002f3a       0x48 Drivers/STM32F3xx_HAL_Driver/stm32f3xx_hal_i2c.o
 .text.I2C_DMAAbort
                0x0000000008002f82       0x3c Drivers/STM32F3xx_HAL_Driver/stm32f3xx_hal_i2c.o
 .text.I2C_Disable_IRQ
                0x0000000008002fbe       0xbc Drivers/STM32F3xx_HAL_Driver/stm32f3xx_hal_i2c.o
 .text.HAL_I2CEx_ConfigAnalogFilter
                0x000000000800307a       0x96 Drivers/STM32F3xx_HAL_Driver/stm32f3xx_hal_i2c_ex.o
                0x000000000800307a                HAL_I2CEx_ConfigAnalogFilter
 .text.HAL_I2CEx_ConfigDigitalFilter
                0x0000000008003110       0x98 Drivers/STM32F3xx_HAL_Driver/stm32f3xx_hal_i2c_ex.o
                0x0000000008003110                HAL_I2CEx_ConfigDigitalFilter
 .text.HAL_RCC_OscConfig
                0x00000000080031a8      0xe10 Drivers/STM32F3xx_HAL_Driver/stm32f3xx_hal_rcc.o
                0x00000000080031a8                HAL_RCC_OscConfig
 .text.HAL_RCC_ClockConfig
                0x0000000008003fb8      0x2f8 Drivers/STM32F3xx_HAL_Driver/stm32f3xx_hal_rcc.o
                0x0000000008003fb8                HAL_RCC_ClockConfig
 .text.HAL_RCC_GetSysClockFreq
                0x00000000080042b0       0xd4 Drivers/STM32F3xx_HAL_Driver/stm32f3xx_hal_rcc.o
                0x00000000080042b0                HAL_RCC_GetSysClockFreq
 .text.HAL_RCCEx_PeriphCLKConfig
                0x0000000008004384      0x24c Drivers/STM32F3xx_HAL_Driver/stm32f3xx_hal_rcc_ex.o
                0x0000000008004384                HAL_RCCEx_PeriphCLKConfig
 .text.HAL_SPI_Init
                0x00000000080045d0      0x146 Drivers/STM32F3xx_HAL_Driver/stm32f3xx_hal_spi.o
                0x00000000080045d0                HAL_SPI_Init
 *fill*         0x0000000008004716        0x2 
 .text.HAL_SPI_IRQHandler
                0x0000000008004718      0x200 Drivers/STM32F3xx_HAL_Driver/stm32f3xx_hal_spi.o
                0x0000000008004718                HAL_SPI_IRQHandler
 .text.HAL_SPI_ErrorCallback
                0x0000000008004918       0x14 Drivers/STM32F3xx_HAL_Driver/stm32f3xx_hal_spi.o
                0x0000000008004918                HAL_SPI_ErrorCallback
 .text.SPI_DMAAbortOnError
                0x000000000800492c       0x2a Drivers/STM32F3xx_HAL_Driver/stm32f3xx_hal_spi.o
 .text.HAL_TIM_Base_Init
                0x0000000008004956       0xae Drivers/STM32F3xx_HAL_Driver/stm32f3xx_hal_tim.o
                0x0000000008004956                HAL_TIM_Base_Init
 .text.HAL_TIM_PWM_Init
                0x0000000008004a04       0xae Drivers/STM32F3xx_HAL_Driver/stm32f3xx_hal_tim.o
                0x0000000008004a04                HAL_TIM_PWM_Init
 *fill*         0x0000000008004ab2        0x2 
 .text.HAL_TIM_PWM_Start
                0x0000000008004ab4      0x1d8 Drivers/STM32F3xx_HAL_Driver/stm32f3xx_hal_tim.o
                0x0000000008004ab4                HAL_TIM_PWM_Start
 .text.HAL_TIM_IRQHandler
                0x0000000008004c8c      0x23e Drivers/STM32F3xx_HAL_Driver/stm32f3xx_hal_tim.o
                0x0000000008004c8c                HAL_TIM_IRQHandler
 *fill*         0x0000000008004eca        0x2 
 .text.HAL_TIM_PWM_ConfigChannel
                0x0000000008004ecc      0x220 Drivers/STM32F3xx_HAL_Driver/stm32f3xx_hal_tim.o
                0x0000000008004ecc                HAL_TIM_PWM_ConfigChannel
 .text.HAL_TIM_OC_DelayElapsedCallback
                0x00000000080050ec       0x14 Drivers/STM32F3xx_HAL_Driver/stm32f3xx_hal_tim.o
                0x00000000080050ec                HAL_TIM_OC_DelayElapsedCallback
 .text.HAL_TIM_IC_CaptureCallback
                0x0000000008005100       0x14 Drivers/STM32F3xx_HAL_Driver/stm32f3xx_hal_tim.o
                0x0000000008005100                HAL_TIM_IC_CaptureCallback
 .text.HAL_TIM_PWM_PulseFinishedCallback
                0x0000000008005114       0x14 Drivers/STM32F3xx_HAL_Driver/stm32f3xx_hal_tim.o
                0x0000000008005114                HAL_TIM_PWM_PulseFinishedCallback
 .text.HAL_TIM_TriggerCallback
                0x0000000008005128       0x14 Drivers/STM32F3xx_HAL_Driver/stm32f3xx_hal_tim.o
                0x0000000008005128                HAL_TIM_TriggerCallback
 .text.TIM_Base_SetConfig
                0x000000000800513c       0xf0 Drivers/STM32F3xx_HAL_Driver/stm32f3xx_hal_tim.o
                0x000000000800513c                TIM_Base_SetConfig
 .text.TIM_OC1_SetConfig
                0x000000000800522c      0x10c Drivers/STM32F3xx_HAL_Driver/stm32f3xx_hal_tim.o
 .text.TIM_OC2_SetConfig
                0x0000000008005338      0x100 Drivers/STM32F3xx_HAL_Driver/stm32f3xx_hal_tim.o
                0x0000000008005338                TIM_OC2_SetConfig
 .text.TIM_OC3_SetConfig
                0x0000000008005438       0xfc Drivers/STM32F3xx_HAL_Driver/stm32f3xx_hal_tim.o
 .text.TIM_OC4_SetConfig
                0x0000000008005534       0xc8 Drivers/STM32F3xx_HAL_Driver/stm32f3xx_hal_tim.o
 .text.TIM_OC5_SetConfig
                0x00000000080055fc       0xbc Drivers/STM32F3xx_HAL_Driver/stm32f3xx_hal_tim.o
 .text.TIM_OC6_SetConfig
                0x00000000080056b8       0xc0 Drivers/STM32F3xx_HAL_Driver/stm32f3xx_hal_tim.o
 .text.TIM_CCxChannelCmd
                0x0000000008005778       0x4a Drivers/STM32F3xx_HAL_Driver/stm32f3xx_hal_tim.o
                0x0000000008005778                TIM_CCxChannelCmd
 *fill*         0x00000000080057c2        0x2 
 .text.HAL_TIMEx_MasterConfigSynchronization
                0x00000000080057c4       0xdc Drivers/STM32F3xx_HAL_Driver/stm32f3xx_hal_tim_ex.o
                0x00000000080057c4                HAL_TIMEx_MasterConfigSynchronization
 .text.HAL_TIMEx_ConfigBreakDeadTime
                0x00000000080058a0       0xf0 Drivers/STM32F3xx_HAL_Driver/stm32f3xx_hal_tim_ex.o
                0x00000000080058a0                HAL_TIMEx_ConfigBreakDeadTime
 .text.HAL_TIMEx_CommutCallback
                0x0000000008005990       0x14 Drivers/STM32F3xx_HAL_Driver/stm32f3xx_hal_tim_ex.o
                0x0000000008005990                HAL_TIMEx_CommutCallback
 .text.HAL_TIMEx_BreakCallback
                0x00000000080059a4       0x14 Drivers/STM32F3xx_HAL_Driver/stm32f3xx_hal_tim_ex.o
                0x00000000080059a4                HAL_TIMEx_BreakCallback
 .text.HAL_TIMEx_Break2Callback
                0x00000000080059b8       0x14 Drivers/STM32F3xx_HAL_Driver/stm32f3xx_hal_tim_ex.o
                0x00000000080059b8                HAL_TIMEx_Break2Callback
 .text.__libc_init_array
                0x00000000080059cc       0x48 d:/programy/stm32cubeide_1.4.0/stm32cubeide/plugins/com.st.stm32cube.ide.mcu.externaltools.gnu-tools-for-stm32.7-2018-q2-update.win32_1.4.0.202007081208/tools/bin/../lib/gcc/arm-none-eabi/7.3.1/../../../../arm-none-eabi/lib/thumb/v7e-m/fpv4-sp/hard\libc_nano.a(lib_a-init.o)
                0x00000000080059cc                __libc_init_array
 .text.memset   0x0000000008005a14       0x10 d:/programy/stm32cubeide_1.4.0/stm32cubeide/plugins/com.st.stm32cube.ide.mcu.externaltools.gnu-tools-for-stm32.7-2018-q2-update.win32_1.4.0.202007081208/tools/bin/../lib/gcc/arm-none-eabi/7.3.1/../../../../arm-none-eabi/lib/thumb/v7e-m/fpv4-sp/hard\libc_nano.a(lib_a-memset.o)
                0x0000000008005a14                memset
 *(.glue_7)
 .glue_7        0x0000000008005a24        0x0 linker stubs
 *(.glue_7t)
 .glue_7t       0x0000000008005a24        0x0 linker stubs
 *(.eh_frame)
 .eh_frame      0x0000000008005a24        0x0 d:/programy/stm32cubeide_1.4.0/stm32cubeide/plugins/com.st.stm32cube.ide.mcu.externaltools.gnu-tools-for-stm32.7-2018-q2-update.win32_1.4.0.202007081208/tools/bin/../lib/gcc/arm-none-eabi/7.3.1/thumb/v7e-m/fpv4-sp/hard/crtbegin.o
 *(.init)
 .init          0x0000000008005a24        0x4 d:/programy/stm32cubeide_1.4.0/stm32cubeide/plugins/com.st.stm32cube.ide.mcu.externaltools.gnu-tools-for-stm32.7-2018-q2-update.win32_1.4.0.202007081208/tools/bin/../lib/gcc/arm-none-eabi/7.3.1/thumb/v7e-m/fpv4-sp/hard/crti.o
                0x0000000008005a24                _init
 .init          0x0000000008005a28        0x8 d:/programy/stm32cubeide_1.4.0/stm32cubeide/plugins/com.st.stm32cube.ide.mcu.externaltools.gnu-tools-for-stm32.7-2018-q2-update.win32_1.4.0.202007081208/tools/bin/../lib/gcc/arm-none-eabi/7.3.1/thumb/v7e-m/fpv4-sp/hard/crtn.o
 *(.fini)
 .fini          0x0000000008005a30        0x4 d:/programy/stm32cubeide_1.4.0/stm32cubeide/plugins/com.st.stm32cube.ide.mcu.externaltools.gnu-tools-for-stm32.7-2018-q2-update.win32_1.4.0.202007081208/tools/bin/../lib/gcc/arm-none-eabi/7.3.1/thumb/v7e-m/fpv4-sp/hard/crti.o
                0x0000000008005a30                _fini
 .fini          0x0000000008005a34        0x8 d:/programy/stm32cubeide_1.4.0/stm32cubeide/plugins/com.st.stm32cube.ide.mcu.externaltools.gnu-tools-for-stm32.7-2018-q2-update.win32_1.4.0.202007081208/tools/bin/../lib/gcc/arm-none-eabi/7.3.1/thumb/v7e-m/fpv4-sp/hard/crtn.o
                0x0000000008005a3c                . = ALIGN (0x4)
                0x0000000008005a3c                _etext = .

.vfp11_veneer   0x0000000008005a3c        0x0
 .vfp11_veneer  0x0000000008005a3c        0x0 linker stubs

.v4_bx          0x0000000008005a3c        0x0
 .v4_bx         0x0000000008005a3c        0x0 linker stubs

.iplt           0x0000000008005a3c        0x0
 .iplt          0x0000000008005a3c        0x0 d:/programy/stm32cubeide_1.4.0/stm32cubeide/plugins/com.st.stm32cube.ide.mcu.externaltools.gnu-tools-for-stm32.7-2018-q2-update.win32_1.4.0.202007081208/tools/bin/../lib/gcc/arm-none-eabi/7.3.1/thumb/v7e-m/fpv4-sp/hard/crtbegin.o

.rodata         0x0000000008005a3c       0x30
                0x0000000008005a3c                . = ALIGN (0x4)
 *(.rodata)
 *(.rodata*)
 .rodata.AHBPrescTable
                0x0000000008005a3c       0x10 Core/Src/system_stm32f3xx.o
                0x0000000008005a3c                AHBPrescTable
 .rodata.aPLLMULFactorTable
                0x0000000008005a4c       0x10 Drivers/STM32F3xx_HAL_Driver/stm32f3xx_hal_rcc.o
                0x0000000008005a4c                aPLLMULFactorTable
 .rodata.aPredivFactorTable
                0x0000000008005a5c       0x10 Drivers/STM32F3xx_HAL_Driver/stm32f3xx_hal_rcc.o
                0x0000000008005a5c                aPredivFactorTable
                0x0000000008005a6c                . = ALIGN (0x4)

.rel.dyn        0x0000000008005a6c        0x0
 .rel.iplt      0x0000000008005a6c        0x0 d:/programy/stm32cubeide_1.4.0/stm32cubeide/plugins/com.st.stm32cube.ide.mcu.externaltools.gnu-tools-for-stm32.7-2018-q2-update.win32_1.4.0.202007081208/tools/bin/../lib/gcc/arm-none-eabi/7.3.1/thumb/v7e-m/fpv4-sp/hard/crtbegin.o

.ARM.extab      0x0000000008005a6c        0x0
                0x0000000008005a6c                . = ALIGN (0x4)
 *(.ARM.extab* .gnu.linkonce.armextab.*)
                0x0000000008005a6c                . = ALIGN (0x4)

.ARM            0x0000000008005a6c        0x0
                0x0000000008005a6c                . = ALIGN (0x4)
                0x0000000008005a6c                __exidx_start = .
 *(.ARM.exidx*)
                0x0000000008005a6c                __exidx_end = .
                0x0000000008005a6c                . = ALIGN (0x4)

.preinit_array  0x0000000008005a6c        0x0
                0x0000000008005a6c                . = ALIGN (0x4)
                0x0000000008005a6c                PROVIDE (__preinit_array_start = .)
 *(.preinit_array*)
                0x0000000008005a6c                PROVIDE (__preinit_array_end = .)
                0x0000000008005a6c                . = ALIGN (0x4)

.init_array     0x0000000008005a6c        0x4
                0x0000000008005a6c                . = ALIGN (0x4)
                0x0000000008005a6c                PROVIDE (__init_array_start = .)
 *(SORT_BY_NAME(.init_array.*))
 *(.init_array*)
 .init_array    0x0000000008005a6c        0x4 d:/programy/stm32cubeide_1.4.0/stm32cubeide/plugins/com.st.stm32cube.ide.mcu.externaltools.gnu-tools-for-stm32.7-2018-q2-update.win32_1.4.0.202007081208/tools/bin/../lib/gcc/arm-none-eabi/7.3.1/thumb/v7e-m/fpv4-sp/hard/crtbegin.o
                0x0000000008005a70                PROVIDE (__init_array_end = .)
                0x0000000008005a70                . = ALIGN (0x4)

.fini_array     0x0000000008005a70        0x4
                0x0000000008005a70                . = ALIGN (0x4)
                [!provide]                        PROVIDE (__fini_array_start = .)
 *(SORT_BY_NAME(.fini_array.*))
 *(.fini_array*)
 .fini_array    0x0000000008005a70        0x4 d:/programy/stm32cubeide_1.4.0/stm32cubeide/plugins/com.st.stm32cube.ide.mcu.externaltools.gnu-tools-for-stm32.7-2018-q2-update.win32_1.4.0.202007081208/tools/bin/../lib/gcc/arm-none-eabi/7.3.1/thumb/v7e-m/fpv4-sp/hard/crtbegin.o
                [!provide]                        PROVIDE (__fini_array_end = .)
                0x0000000008005a74                . = ALIGN (0x4)
                0x0000000008005a74                _sidata = LOADADDR (.data)

.data           0x0000000020000000        0xc load address 0x0000000008005a74
                0x0000000020000000                . = ALIGN (0x4)
                0x0000000020000000                _sdata = .
 *(.data)
 *(.data*)
 .data.SystemCoreClock
                0x0000000020000000        0x4 Core/Src/system_stm32f3xx.o
                0x0000000020000000                SystemCoreClock
 .data.uwTickPrio
                0x0000000020000004        0x4 Drivers/STM32F3xx_HAL_Driver/stm32f3xx_hal.o
                0x0000000020000004                uwTickPrio
 .data.uwTickFreq
                0x0000000020000008        0x1 Drivers/STM32F3xx_HAL_Driver/stm32f3xx_hal.o
                0x0000000020000008                uwTickFreq
                0x000000002000000c                . = ALIGN (0x4)
 *fill*         0x0000000020000009        0x3 
                0x000000002000000c                _edata = .

.igot.plt       0x000000002000000c        0x0 load address 0x0000000008005a80
 .igot.plt      0x000000002000000c        0x0 d:/programy/stm32cubeide_1.4.0/stm32cubeide/plugins/com.st.stm32cube.ide.mcu.externaltools.gnu-tools-for-stm32.7-2018-q2-update.win32_1.4.0.202007081208/tools/bin/../lib/gcc/arm-none-eabi/7.3.1/thumb/v7e-m/fpv4-sp/hard/crtbegin.o
                0x000000002000000c                . = ALIGN (0x4)

.bss            0x000000002000000c      0x258 load address 0x0000000008005a80
                0x000000002000000c                _sbss = .
                0x000000002000000c                __bss_start__ = _sbss
 *(.bss)
 .bss           0x000000002000000c       0x1c d:/programy/stm32cubeide_1.4.0/stm32cubeide/plugins/com.st.stm32cube.ide.mcu.externaltools.gnu-tools-for-stm32.7-2018-q2-update.win32_1.4.0.202007081208/tools/bin/../lib/gcc/arm-none-eabi/7.3.1/thumb/v7e-m/fpv4-sp/hard/crtbegin.o
 *(.bss*)
 .bss.HAL_RCC_ADC12_CLK_ENABLED
                0x0000000020000028        0x4 Core/Src/adc.o
 *(COMMON)
 COMMON         0x000000002000002c       0xa0 Core/Src/adc.o
                0x000000002000002c                hadc2
                0x000000002000007c                hadc1
 COMMON         0x00000000200000cc       0x4c Core/Src/i2c.o
                0x00000000200000cc                hi2c1
 COMMON         0x0000000020000118       0x64 Core/Src/spi.o
                0x0000000020000118                hspi1
 COMMON         0x000000002000017c       0xe4 Core/Src/tim.o
                0x000000002000017c                htim17
                0x00000000200001c8                htim3
                0x0000000020000214                htim16
 COMMON         0x0000000020000260        0x4 Drivers/STM32F3xx_HAL_Driver/stm32f3xx_hal.o
                0x0000000020000260                uwTick
                0x0000000020000264                . = ALIGN (0x4)
                0x0000000020000264                _ebss = .
                0x0000000020000264                __bss_end__ = _ebss

._user_heap_stack
                0x0000000020000264      0x604 load address 0x0000000008005a80
                0x0000000020000268                . = ALIGN (0x8)
 *fill*         0x0000000020000264        0x4 
                [!provide]                        PROVIDE (end = .)
                0x0000000020000268                PROVIDE (_end = .)
                0x0000000020000468                . = (. + _Min_Heap_Size)
 *fill*         0x0000000020000268      0x200 
                0x0000000020000868                . = (. + _Min_Stack_Size)
 *fill*         0x0000000020000468      0x400 
                0x0000000020000868                . = ALIGN (0x8)

/DISCARD/
 libc.a(*)
 libm.a(*)
 libgcc.a(*)

.ARM.attributes
                0x0000000000000000       0x30
 *(.ARM.attributes)
 .ARM.attributes
                0x0000000000000000       0x22 d:/programy/stm32cubeide_1.4.0/stm32cubeide/plugins/com.st.stm32cube.ide.mcu.externaltools.gnu-tools-for-stm32.7-2018-q2-update.win32_1.4.0.202007081208/tools/bin/../lib/gcc/arm-none-eabi/7.3.1/thumb/v7e-m/fpv4-sp/hard/crti.o
 .ARM.attributes
                0x0000000000000022       0x34 d:/programy/stm32cubeide_1.4.0/stm32cubeide/plugins/com.st.stm32cube.ide.mcu.externaltools.gnu-tools-for-stm32.7-2018-q2-update.win32_1.4.0.202007081208/tools/bin/../lib/gcc/arm-none-eabi/7.3.1/thumb/v7e-m/fpv4-sp/hard/crtbegin.o
 .ARM.attributes
                0x0000000000000056       0x39 Core/Src/adc.o
 .ARM.attributes
                0x000000000000008f       0x39 Core/Src/gpio.o
 .ARM.attributes
                0x00000000000000c8       0x39 Core/Src/i2c.o
 .ARM.attributes
                0x0000000000000101       0x39 Core/Src/main.o
 .ARM.attributes
                0x000000000000013a       0x39 Core/Src/spi.o
 .ARM.attributes
                0x0000000000000173       0x39 Core/Src/stm32f3xx_hal_msp.o
 .ARM.attributes
                0x00000000000001ac       0x39 Core/Src/stm32f3xx_it.o
 .ARM.attributes
                0x00000000000001e5       0x39 Core/Src/system_stm32f3xx.o
 .ARM.attributes
                0x000000000000021e       0x39 Core/Src/tim.o
 .ARM.attributes
                0x0000000000000257       0x21 Core/Startup/startup_stm32f303k8tx.o
 .ARM.attributes
                0x0000000000000278       0x39 Drivers/STM32F3xx_HAL_Driver/stm32f3xx_hal.o
 .ARM.attributes
                0x00000000000002b1       0x39 Drivers/STM32F3xx_HAL_Driver/stm32f3xx_hal_adc.o
 .ARM.attributes
                0x00000000000002ea       0x39 Drivers/STM32F3xx_HAL_Driver/stm32f3xx_hal_adc_ex.o
 .ARM.attributes
                0x0000000000000323       0x39 Drivers/STM32F3xx_HAL_Driver/stm32f3xx_hal_cortex.o
 .ARM.attributes
                0x000000000000035c       0x39 Drivers/STM32F3xx_HAL_Driver/stm32f3xx_hal_dma.o
 .ARM.attributes
                0x0000000000000395       0x39 Drivers/STM32F3xx_HAL_Driver/stm32f3xx_hal_gpio.o
 .ARM.attributes
                0x00000000000003ce       0x39 Drivers/STM32F3xx_HAL_Driver/stm32f3xx_hal_i2c.o
 .ARM.attributes
                0x0000000000000407       0x39 Drivers/STM32F3xx_HAL_Driver/stm32f3xx_hal_i2c_ex.o
 .ARM.attributes
                0x0000000000000440       0x39 Drivers/STM32F3xx_HAL_Driver/stm32f3xx_hal_rcc.o
 .ARM.attributes
                0x0000000000000479       0x39 Drivers/STM32F3xx_HAL_Driver/stm32f3xx_hal_rcc_ex.o
 .ARM.attributes
                0x00000000000004b2       0x39 Drivers/STM32F3xx_HAL_Driver/stm32f3xx_hal_spi.o
 .ARM.attributes
                0x00000000000004eb       0x39 Drivers/STM32F3xx_HAL_Driver/stm32f3xx_hal_tim.o
 .ARM.attributes
                0x0000000000000524       0x39 Drivers/STM32F3xx_HAL_Driver/stm32f3xx_hal_tim_ex.o
 .ARM.attributes
                0x000000000000055d       0x34 d:/programy/stm32cubeide_1.4.0/stm32cubeide/plugins/com.st.stm32cube.ide.mcu.externaltools.gnu-tools-for-stm32.7-2018-q2-update.win32_1.4.0.202007081208/tools/bin/../lib/gcc/arm-none-eabi/7.3.1/../../../../arm-none-eabi/lib/thumb/v7e-m/fpv4-sp/hard\libc_nano.a(lib_a-init.o)
 .ARM.attributes
                0x0000000000000591       0x34 d:/programy/stm32cubeide_1.4.0/stm32cubeide/plugins/com.st.stm32cube.ide.mcu.externaltools.gnu-tools-for-stm32.7-2018-q2-update.win32_1.4.0.202007081208/tools/bin/../lib/gcc/arm-none-eabi/7.3.1/../../../../arm-none-eabi/lib/thumb/v7e-m/fpv4-sp/hard\libc_nano.a(lib_a-memset.o)
 .ARM.attributes
                0x00000000000005c5       0x22 d:/programy/stm32cubeide_1.4.0/stm32cubeide/plugins/com.st.stm32cube.ide.mcu.externaltools.gnu-tools-for-stm32.7-2018-q2-update.win32_1.4.0.202007081208/tools/bin/../lib/gcc/arm-none-eabi/7.3.1/thumb/v7e-m/fpv4-sp/hard/crtn.o
OUTPUT(SR_projekt1.elf elf32-littlearm)

.debug_info     0x0000000000000000    0x13c26
 .debug_info    0x0000000000000000      0xc11 Core/Src/adc.o
 .debug_info    0x0000000000000c11      0x3cf Core/Src/gpio.o
 .debug_info    0x0000000000000fe0      0xa31 Core/Src/i2c.o
 .debug_info    0x0000000000001a11     0x1450 Core/Src/main.o
 .debug_info    0x0000000000002e61      0x9e2 Core/Src/spi.o
 .debug_info    0x0000000000003843      0x278 Core/Src/stm32f3xx_hal_msp.o
 .debug_info    0x0000000000003abb     0x10d7 Core/Src/stm32f3xx_it.o
 .debug_info    0x0000000000004b92      0x45c Core/Src/system_stm32f3xx.o
 .debug_info    0x0000000000004fee      0xd5d Core/Src/tim.o
 .debug_info    0x0000000000005d4b       0x22 Core/Startup/startup_stm32f303k8tx.o
 .debug_info    0x0000000000005d6d      0x758 Drivers/STM32F3xx_HAL_Driver/stm32f3xx_hal.o
 .debug_info    0x00000000000064c5      0xbce Drivers/STM32F3xx_HAL_Driver/stm32f3xx_hal_adc.o
 .debug_info    0x0000000000007093     0x1571 Drivers/STM32F3xx_HAL_Driver/stm32f3xx_hal_adc_ex.o
 .debug_info    0x0000000000008604      0xb54 Drivers/STM32F3xx_HAL_Driver/stm32f3xx_hal_cortex.o
 .debug_info    0x0000000000009158      0x7cb Drivers/STM32F3xx_HAL_Driver/stm32f3xx_hal_dma.o
 .debug_info    0x0000000000009923      0x7c1 Drivers/STM32F3xx_HAL_Driver/stm32f3xx_hal_gpio.o
 .debug_info    0x000000000000a0e4     0x1fe5 Drivers/STM32F3xx_HAL_Driver/stm32f3xx_hal_i2c.o
 .debug_info    0x000000000000c0c9      0x994 Drivers/STM32F3xx_HAL_Driver/stm32f3xx_hal_i2c_ex.o
 .debug_info    0x000000000000ca5d     0x180f Drivers/STM32F3xx_HAL_Driver/stm32f3xx_hal_rcc.o
 .debug_info    0x000000000000e26c      0x608 Drivers/STM32F3xx_HAL_Driver/stm32f3xx_hal_rcc_ex.o
 .debug_info    0x000000000000e874     0x1665 Drivers/STM32F3xx_HAL_Driver/stm32f3xx_hal_spi.o
 .debug_info    0x000000000000fed9     0x2901 Drivers/STM32F3xx_HAL_Driver/stm32f3xx_hal_tim.o
 .debug_info    0x00000000000127da     0x144c Drivers/STM32F3xx_HAL_Driver/stm32f3xx_hal_tim_ex.o

.debug_abbrev   0x0000000000000000     0x28c8
 .debug_abbrev  0x0000000000000000      0x1a2 Core/Src/adc.o
 .debug_abbrev  0x00000000000001a2      0x134 Core/Src/gpio.o
 .debug_abbrev  0x00000000000002d6      0x1ad Core/Src/i2c.o
 .debug_abbrev  0x0000000000000483      0x1fb Core/Src/main.o
 .debug_abbrev  0x000000000000067e      0x1a2 Core/Src/spi.o
 .debug_abbrev  0x0000000000000820      0x109 Core/Src/stm32f3xx_hal_msp.o
 .debug_abbrev  0x0000000000000929      0x18c Core/Src/stm32f3xx_it.o
 .debug_abbrev  0x0000000000000ab5      0x12b Core/Src/system_stm32f3xx.o
 .debug_abbrev  0x0000000000000be0      0x1cb Core/Src/tim.o
 .debug_abbrev  0x0000000000000dab       0x12 Core/Startup/startup_stm32f303k8tx.o
 .debug_abbrev  0x0000000000000dbd      0x1c7 Drivers/STM32F3xx_HAL_Driver/stm32f3xx_hal.o
 .debug_abbrev  0x0000000000000f84      0x187 Drivers/STM32F3xx_HAL_Driver/stm32f3xx_hal_adc.o
 .debug_abbrev  0x000000000000110b      0x225 Drivers/STM32F3xx_HAL_Driver/stm32f3xx_hal_adc_ex.o
 .debug_abbrev  0x0000000000001330      0x2d5 Drivers/STM32F3xx_HAL_Driver/stm32f3xx_hal_cortex.o
 .debug_abbrev  0x0000000000001605      0x1fe Drivers/STM32F3xx_HAL_Driver/stm32f3xx_hal_dma.o
 .debug_abbrev  0x0000000000001803      0x1c0 Drivers/STM32F3xx_HAL_Driver/stm32f3xx_hal_gpio.o
 .debug_abbrev  0x00000000000019c3      0x22a Drivers/STM32F3xx_HAL_Driver/stm32f3xx_hal_i2c.o
 .debug_abbrev  0x0000000000001bed      0x1b9 Drivers/STM32F3xx_HAL_Driver/stm32f3xx_hal_i2c_ex.o
 .debug_abbrev  0x0000000000001da6      0x28c Drivers/STM32F3xx_HAL_Driver/stm32f3xx_hal_rcc.o
 .debug_abbrev  0x0000000000002032      0x208 Drivers/STM32F3xx_HAL_Driver/stm32f3xx_hal_rcc_ex.o
 .debug_abbrev  0x000000000000223a      0x228 Drivers/STM32F3xx_HAL_Driver/stm32f3xx_hal_spi.o
 .debug_abbrev  0x0000000000002462      0x230 Drivers/STM32F3xx_HAL_Driver/stm32f3xx_hal_tim.o
 .debug_abbrev  0x0000000000002692      0x236 Drivers/STM32F3xx_HAL_Driver/stm32f3xx_hal_tim_ex.o

.debug_aranges  0x0000000000000000     0x1220
 .debug_aranges
                0x0000000000000000       0x38 Core/Src/adc.o
 .debug_aranges
                0x0000000000000038       0x20 Core/Src/gpio.o
 .debug_aranges
                0x0000000000000058       0x30 Core/Src/i2c.o
 .debug_aranges
                0x0000000000000088       0x58 Core/Src/main.o
 .debug_aranges
                0x00000000000000e0       0x30 Core/Src/spi.o
 .debug_aranges
                0x0000000000000110       0x20 Core/Src/stm32f3xx_hal_msp.o
 .debug_aranges
                0x0000000000000130       0x90 Core/Src/stm32f3xx_it.o
 .debug_aranges
                0x00000000000001c0       0x28 Core/Src/system_stm32f3xx.o
 .debug_aranges
                0x00000000000001e8       0x58 Core/Src/tim.o
 .debug_aranges
                0x0000000000000240       0x28 Core/Startup/startup_stm32f303k8tx.o
 .debug_aranges
                0x0000000000000268       0xe0 Drivers/STM32F3xx_HAL_Driver/stm32f3xx_hal.o
 .debug_aranges
                0x0000000000000348       0xc8 Drivers/STM32F3xx_HAL_Driver/stm32f3xx_hal_adc.o
 .debug_aranges
                0x0000000000000410      0x168 Drivers/STM32F3xx_HAL_Driver/stm32f3xx_hal_adc_ex.o
 .debug_aranges
                0x0000000000000578      0x100 Drivers/STM32F3xx_HAL_Driver/stm32f3xx_hal_cortex.o
 .debug_aranges
                0x0000000000000678       0x88 Drivers/STM32F3xx_HAL_Driver/stm32f3xx_hal_dma.o
 .debug_aranges
                0x0000000000000700       0x58 Drivers/STM32F3xx_HAL_Driver/stm32f3xx_hal_gpio.o
 .debug_aranges
                0x0000000000000758      0x290 Drivers/STM32F3xx_HAL_Driver/stm32f3xx_hal_i2c.o
 .debug_aranges
                0x00000000000009e8       0x48 Drivers/STM32F3xx_HAL_Driver/stm32f3xx_hal_i2c_ex.o
 .debug_aranges
                0x0000000000000a30       0x88 Drivers/STM32F3xx_HAL_Driver/stm32f3xx_hal_rcc.o
 .debug_aranges
                0x0000000000000ab8       0x38 Drivers/STM32F3xx_HAL_Driver/stm32f3xx_hal_rcc_ex.o
 .debug_aranges
                0x0000000000000af0      0x1d8 Drivers/STM32F3xx_HAL_Driver/stm32f3xx_hal_spi.o
 .debug_aranges
                0x0000000000000cc8      0x3e0 Drivers/STM32F3xx_HAL_Driver/stm32f3xx_hal_tim.o
 .debug_aranges
                0x00000000000010a8      0x178 Drivers/STM32F3xx_HAL_Driver/stm32f3xx_hal_tim_ex.o

.debug_ranges   0x0000000000000000     0x10b8
 .debug_ranges  0x0000000000000000       0x28 Core/Src/adc.o
 .debug_ranges  0x0000000000000028       0x10 Core/Src/gpio.o
 .debug_ranges  0x0000000000000038       0x20 Core/Src/i2c.o
 .debug_ranges  0x0000000000000058       0x48 Core/Src/main.o
 .debug_ranges  0x00000000000000a0       0x20 Core/Src/spi.o
 .debug_ranges  0x00000000000000c0       0x10 Core/Src/stm32f3xx_hal_msp.o
 .debug_ranges  0x00000000000000d0       0x80 Core/Src/stm32f3xx_it.o
 .debug_ranges  0x0000000000000150       0x18 Core/Src/system_stm32f3xx.o
 .debug_ranges  0x0000000000000168       0x48 Core/Src/tim.o
 .debug_ranges  0x00000000000001b0       0x20 Core/Startup/startup_stm32f303k8tx.o
 .debug_ranges  0x00000000000001d0       0xd0 Drivers/STM32F3xx_HAL_Driver/stm32f3xx_hal.o
 .debug_ranges  0x00000000000002a0       0xb8 Drivers/STM32F3xx_HAL_Driver/stm32f3xx_hal_adc.o
 .debug_ranges  0x0000000000000358      0x158 Drivers/STM32F3xx_HAL_Driver/stm32f3xx_hal_adc_ex.o
 .debug_ranges  0x00000000000004b0       0xf0 Drivers/STM32F3xx_HAL_Driver/stm32f3xx_hal_cortex.o
 .debug_ranges  0x00000000000005a0       0x78 Drivers/STM32F3xx_HAL_Driver/stm32f3xx_hal_dma.o
 .debug_ranges  0x0000000000000618       0x48 Drivers/STM32F3xx_HAL_Driver/stm32f3xx_hal_gpio.o
 .debug_ranges  0x0000000000000660      0x280 Drivers/STM32F3xx_HAL_Driver/stm32f3xx_hal_i2c.o
 .debug_ranges  0x00000000000008e0       0x38 Drivers/STM32F3xx_HAL_Driver/stm32f3xx_hal_i2c_ex.o
 .debug_ranges  0x0000000000000918       0x78 Drivers/STM32F3xx_HAL_Driver/stm32f3xx_hal_rcc.o
 .debug_ranges  0x0000000000000990       0x28 Drivers/STM32F3xx_HAL_Driver/stm32f3xx_hal_rcc_ex.o
 .debug_ranges  0x00000000000009b8      0x1c8 Drivers/STM32F3xx_HAL_Driver/stm32f3xx_hal_spi.o
 .debug_ranges  0x0000000000000b80      0x3d0 Drivers/STM32F3xx_HAL_Driver/stm32f3xx_hal_tim.o
 .debug_ranges  0x0000000000000f50      0x168 Drivers/STM32F3xx_HAL_Driver/stm32f3xx_hal_tim_ex.o

.debug_macro    0x0000000000000000    0x1c32f
 .debug_macro   0x0000000000000000      0x1f9 Core/Src/adc.o
 .debug_macro   0x00000000000001f9      0xa5a Core/Src/adc.o
 .debug_macro   0x0000000000000c53      0x15d Core/Src/adc.o
 .debug_macro   0x0000000000000db0       0x2e Core/Src/adc.o
 .debug_macro   0x0000000000000dde       0x28 Core/Src/adc.o
 .debug_macro   0x0000000000000e06       0x22 Core/Src/adc.o
 .debug_macro   0x0000000000000e28       0x8e Core/Src/adc.o
 .debug_macro   0x0000000000000eb6       0x51 Core/Src/adc.o
 .debug_macro   0x0000000000000f07       0xef Core/Src/adc.o
 .debug_macro   0x0000000000000ff6       0x6a Core/Src/adc.o
 .debug_macro   0x0000000000001060      0x1df Core/Src/adc.o
 .debug_macro   0x000000000000123f       0x1c Core/Src/adc.o
 .debug_macro   0x000000000000125b       0x22 Core/Src/adc.o
 .debug_macro   0x000000000000127d       0xdf Core/Src/adc.o
 .debug_macro   0x000000000000135c      0xf07 Core/Src/adc.o
 .debug_macro   0x0000000000002263    0x10bd9 Core/Src/adc.o
 .debug_macro   0x0000000000012e3c       0x43 Core/Src/adc.o
 .debug_macro   0x0000000000012e7f     0x35e9 Core/Src/adc.o
 .debug_macro   0x0000000000016468      0x174 Core/Src/adc.o
 .debug_macro   0x00000000000165dc       0x55 Core/Src/adc.o
 .debug_macro   0x0000000000016631      0x8f9 Core/Src/adc.o
 .debug_macro   0x0000000000016f2a      0x304 Core/Src/adc.o
 .debug_macro   0x000000000001722e      0x12f Core/Src/adc.o
 .debug_macro   0x000000000001735d      0x11b Core/Src/adc.o
 .debug_macro   0x0000000000017478      0x1d5 Core/Src/adc.o
 .debug_macro   0x000000000001764d      0x1bc Core/Src/adc.o
 .debug_macro   0x0000000000017809       0x34 Core/Src/adc.o
 .debug_macro   0x000000000001783d       0x3c Core/Src/adc.o
 .debug_macro   0x0000000000017879       0x57 Core/Src/adc.o
 .debug_macro   0x00000000000178d0      0x87d Core/Src/adc.o
 .debug_macro   0x000000000001814d       0x77 Core/Src/adc.o
 .debug_macro   0x00000000000181c4       0xc5 Core/Src/adc.o
 .debug_macro   0x0000000000018289      0x19f Core/Src/adc.o
 .debug_macro   0x0000000000018428      0x22c Core/Src/adc.o
 .debug_macro   0x0000000000018654       0x5b Core/Src/adc.o
 .debug_macro   0x00000000000186af       0xa5 Core/Src/adc.o
 .debug_macro   0x0000000000018754       0x81 Core/Src/adc.o
 .debug_macro   0x00000000000187d5       0xd3 Core/Src/adc.o
 .debug_macro   0x00000000000188a8      0x2fe Core/Src/adc.o
 .debug_macro   0x0000000000018ba6      0xa3d Core/Src/adc.o
 .debug_macro   0x00000000000195e3       0x59 Core/Src/adc.o
 .debug_macro   0x000000000001963c      0x285 Core/Src/adc.o
 .debug_macro   0x00000000000198c1       0xc4 Core/Src/adc.o
 .debug_macro   0x0000000000019985      0x1f9 Core/Src/gpio.o
 .debug_macro   0x0000000000019b7e      0x1f9 Core/Src/i2c.o
 .debug_macro   0x0000000000019d77      0x225 Core/Src/main.o
 .debug_macro   0x0000000000019f9c      0x1f9 Core/Src/spi.o
 .debug_macro   0x000000000001a195      0x1ef Core/Src/stm32f3xx_hal_msp.o
 .debug_macro   0x000000000001a384      0x1f9 Core/Src/stm32f3xx_it.o
 .debug_macro   0x000000000001a57d      0x1e0 Core/Src/system_stm32f3xx.o
 .debug_macro   0x000000000001a75d      0x1f9 Core/Src/tim.o
 .debug_macro   0x000000000001a956      0x204 Drivers/STM32F3xx_HAL_Driver/stm32f3xx_hal.o
 .debug_macro   0x000000000001ab5a      0x1e1 Drivers/STM32F3xx_HAL_Driver/stm32f3xx_hal_adc.o
 .debug_macro   0x000000000001ad3b      0x20a Drivers/STM32F3xx_HAL_Driver/stm32f3xx_hal_adc_ex.o
 .debug_macro   0x000000000001af45      0x1e0 Drivers/STM32F3xx_HAL_Driver/stm32f3xx_hal_cortex.o
 .debug_macro   0x000000000001b125      0x1e0 Drivers/STM32F3xx_HAL_Driver/stm32f3xx_hal_dma.o
 .debug_macro   0x000000000001b305      0x218 Drivers/STM32F3xx_HAL_Driver/stm32f3xx_hal_gpio.o
 .debug_macro   0x000000000001b51d      0x2a5 Drivers/STM32F3xx_HAL_Driver/stm32f3xx_hal_i2c.o
 .debug_macro   0x000000000001b7c2      0x1e0 Drivers/STM32F3xx_HAL_Driver/stm32f3xx_hal_i2c_ex.o
 .debug_macro   0x000000000001b9a2      0x204 Drivers/STM32F3xx_HAL_Driver/stm32f3xx_hal_rcc.o
 .debug_macro   0x000000000001bba6      0x1e0 Drivers/STM32F3xx_HAL_Driver/stm32f3xx_hal_rcc_ex.o
 .debug_macro   0x000000000001bd86      0x1e8 Drivers/STM32F3xx_HAL_Driver/stm32f3xx_hal_spi.o
 .debug_macro   0x000000000001bf6e      0x1e1 Drivers/STM32F3xx_HAL_Driver/stm32f3xx_hal_tim.o
 .debug_macro   0x000000000001c14f      0x1e0 Drivers/STM32F3xx_HAL_Driver/stm32f3xx_hal_tim_ex.o

.debug_line     0x0000000000000000    0x1250e
 .debug_line    0x0000000000000000      0x898 Core/Src/adc.o
 .debug_line    0x0000000000000898      0x818 Core/Src/gpio.o
 .debug_line    0x00000000000010b0      0x844 Core/Src/i2c.o
 .debug_line    0x00000000000018f4      0x8df Core/Src/main.o
 .debug_line    0x00000000000021d3      0x841 Core/Src/spi.o
 .debug_line    0x0000000000002a14      0x808 Core/Src/stm32f3xx_hal_msp.o
 .debug_line    0x000000000000321c      0x919 Core/Src/stm32f3xx_it.o
 .debug_line    0x0000000000003b35      0x825 Core/Src/system_stm32f3xx.o
 .debug_line    0x000000000000435a      0x8e8 Core/Src/tim.o
 .debug_line    0x0000000000004c42       0x88 Core/Startup/startup_stm32f303k8tx.o
 .debug_line    0x0000000000004cca      0xa1c Drivers/STM32F3xx_HAL_Driver/stm32f3xx_hal.o
 .debug_line    0x00000000000056e6      0x9cb Drivers/STM32F3xx_HAL_Driver/stm32f3xx_hal_adc.o
 .debug_line    0x00000000000060b1     0x15f8 Drivers/STM32F3xx_HAL_Driver/stm32f3xx_hal_adc_ex.o
 .debug_line    0x00000000000076a9      0xaf3 Drivers/STM32F3xx_HAL_Driver/stm32f3xx_hal_cortex.o
 .debug_line    0x000000000000819c      0xa55 Drivers/STM32F3xx_HAL_Driver/stm32f3xx_hal_dma.o
 .debug_line    0x0000000000008bf1      0x9bb Drivers/STM32F3xx_HAL_Driver/stm32f3xx_hal_gpio.o
 .debug_line    0x00000000000095ac     0x1c24 Drivers/STM32F3xx_HAL_Driver/stm32f3xx_hal_i2c.o
 .debug_line    0x000000000000b1d0      0x985 Drivers/STM32F3xx_HAL_Driver/stm32f3xx_hal_i2c_ex.o
 .debug_line    0x000000000000bb55      0xf94 Drivers/STM32F3xx_HAL_Driver/stm32f3xx_hal_rcc.o
 .debug_line    0x000000000000cae9      0x9e9 Drivers/STM32F3xx_HAL_Driver/stm32f3xx_hal_rcc_ex.o
 .debug_line    0x000000000000d4d2     0x12dc Drivers/STM32F3xx_HAL_Driver/stm32f3xx_hal_spi.o
 .debug_line    0x000000000000e7ae     0x2799 Drivers/STM32F3xx_HAL_Driver/stm32f3xx_hal_tim.o
 .debug_line    0x0000000000010f47     0x15c7 Drivers/STM32F3xx_HAL_Driver/stm32f3xx_hal_tim_ex.o

.debug_str      0x0000000000000000    0xa728e
 .debug_str     0x0000000000000000    0xa23df Core/Src/adc.o
                                      0xa27e1 (size before relaxing)
 .debug_str     0x00000000000a23df       0x46 Core/Src/gpio.o
                                      0xa1fcf (size before relaxing)
 .debug_str     0x00000000000a2425      0x2a5 Core/Src/i2c.o
                                      0xa276c (size before relaxing)
 .debug_str     0x00000000000a26ca      0x720 Core/Src/main.o
                                      0xa2e20 (size before relaxing)
 .debug_str     0x00000000000a2dea       0x4b Core/Src/spi.o
                                      0xa26a8 (size before relaxing)
 .debug_str     0x00000000000a2e35       0x2c Core/Src/stm32f3xx_hal_msp.o
                                      0xa1f34 (size before relaxing)
 .debug_str     0x00000000000a2e61      0x103 Core/Src/stm32f3xx_it.o
                                      0xa2c1d (size before relaxing)
 .debug_str     0x00000000000a2f64       0xb3 Core/Src/system_stm32f3xx.o
                                      0xa1cff (size before relaxing)
 .debug_str     0x00000000000a3017      0x24c Core/Src/tim.o
                                      0xa29f6 (size before relaxing)
 .debug_str     0x00000000000a3263       0x36 Core/Startup/startup_stm32f303k8tx.o
                                         0x74 (size before relaxing)
 .debug_str     0x00000000000a3299      0x334 Drivers/STM32F3xx_HAL_Driver/stm32f3xx_hal.o
                                      0xa2386 (size before relaxing)
 .debug_str     0x00000000000a35cd      0x268 Drivers/STM32F3xx_HAL_Driver/stm32f3xx_hal_adc.o
                                      0xa2363 (size before relaxing)
 .debug_str     0x00000000000a3835      0x6f3 Drivers/STM32F3xx_HAL_Driver/stm32f3xx_hal_adc_ex.o
                                      0xa2990 (size before relaxing)
 .debug_str     0x00000000000a3f28      0x2bd Drivers/STM32F3xx_HAL_Driver/stm32f3xx_hal_cortex.o
                                      0xa2367 (size before relaxing)
 .debug_str     0x00000000000a41e5      0x286 Drivers/STM32F3xx_HAL_Driver/stm32f3xx_hal_dma.o
                                      0xa20b2 (size before relaxing)
 .debug_str     0x00000000000a446b      0x289 Drivers/STM32F3xx_HAL_Driver/stm32f3xx_hal_gpio.o
                                      0xa2010 (size before relaxing)
 .debug_str     0x00000000000a46f4      0xdf8 Drivers/STM32F3xx_HAL_Driver/stm32f3xx_hal_i2c.o
                                      0xa2f8c (size before relaxing)
 .debug_str     0x00000000000a54ec       0xf1 Drivers/STM32F3xx_HAL_Driver/stm32f3xx_hal_i2c_ex.o
                                      0xa22f5 (size before relaxing)
 .debug_str     0x00000000000a55dd      0x325 Drivers/STM32F3xx_HAL_Driver/stm32f3xx_hal_rcc.o
                                      0xa21a6 (size before relaxing)
 .debug_str     0x00000000000a5902      0x111 Drivers/STM32F3xx_HAL_Driver/stm32f3xx_hal_rcc_ex.o
                                      0xa1eba (size before relaxing)
 .debug_str     0x00000000000a5a13      0x5af Drivers/STM32F3xx_HAL_Driver/stm32f3xx_hal_spi.o
                                      0xa261f (size before relaxing)
 .debug_str     0x00000000000a5fc2      0xdd6 Drivers/STM32F3xx_HAL_Driver/stm32f3xx_hal_tim.o
                                      0xa30f4 (size before relaxing)
 .debug_str     0x00000000000a6d98      0x4f6 Drivers/STM32F3xx_HAL_Driver/stm32f3xx_hal_tim_ex.o
                                      0xa2921 (size before relaxing)

.comment        0x0000000000000000       0x7b
 .comment       0x0000000000000000       0x7b Core/Src/adc.o
                                         0x7c (size before relaxing)
 .comment       0x000000000000007b       0x7c Core/Src/gpio.o
 .comment       0x000000000000007b       0x7c Core/Src/i2c.o
 .comment       0x000000000000007b       0x7c Core/Src/main.o
 .comment       0x000000000000007b       0x7c Core/Src/spi.o
 .comment       0x000000000000007b       0x7c Core/Src/stm32f3xx_hal_msp.o
 .comment       0x000000000000007b       0x7c Core/Src/stm32f3xx_it.o
 .comment       0x000000000000007b       0x7c Core/Src/system_stm32f3xx.o
 .comment       0x000000000000007b       0x7c Core/Src/tim.o
 .comment       0x000000000000007b       0x7c Drivers/STM32F3xx_HAL_Driver/stm32f3xx_hal.o
 .comment       0x000000000000007b       0x7c Drivers/STM32F3xx_HAL_Driver/stm32f3xx_hal_adc.o
 .comment       0x000000000000007b       0x7c Drivers/STM32F3xx_HAL_Driver/stm32f3xx_hal_adc_ex.o
 .comment       0x000000000000007b       0x7c Drivers/STM32F3xx_HAL_Driver/stm32f3xx_hal_cortex.o
 .comment       0x000000000000007b       0x7c Drivers/STM32F3xx_HAL_Driver/stm32f3xx_hal_dma.o
 .comment       0x000000000000007b       0x7c Drivers/STM32F3xx_HAL_Driver/stm32f3xx_hal_gpio.o
 .comment       0x000000000000007b       0x7c Drivers/STM32F3xx_HAL_Driver/stm32f3xx_hal_i2c.o
 .comment       0x000000000000007b       0x7c Drivers/STM32F3xx_HAL_Driver/stm32f3xx_hal_i2c_ex.o
 .comment       0x000000000000007b       0x7c Drivers/STM32F3xx_HAL_Driver/stm32f3xx_hal_rcc.o
 .comment       0x000000000000007b       0x7c Drivers/STM32F3xx_HAL_Driver/stm32f3xx_hal_rcc_ex.o
 .comment       0x000000000000007b       0x7c Drivers/STM32F3xx_HAL_Driver/stm32f3xx_hal_spi.o
 .comment       0x000000000000007b       0x7c Drivers/STM32F3xx_HAL_Driver/stm32f3xx_hal_tim.o
 .comment       0x000000000000007b       0x7c Drivers/STM32F3xx_HAL_Driver/stm32f3xx_hal_tim_ex.o

.debug_frame    0x0000000000000000     0x4bd0
 .debug_frame   0x0000000000000000       0xa0 Core/Src/adc.o
 .debug_frame   0x00000000000000a0       0x34 Core/Src/gpio.o
 .debug_frame   0x00000000000000d4       0x74 Core/Src/i2c.o
 .debug_frame   0x0000000000000148      0x128 Core/Src/main.o
 .debug_frame   0x0000000000000270       0x74 Core/Src/spi.o
 .debug_frame   0x00000000000002e4       0x38 Core/Src/stm32f3xx_hal_msp.o
 .debug_frame   0x000000000000031c      0x1b4 Core/Src/stm32f3xx_it.o
 .debug_frame   0x00000000000004d0       0x58 Core/Src/system_stm32f3xx.o
 .debug_frame   0x0000000000000528      0x128 Core/Src/tim.o
 .debug_frame   0x0000000000000650      0x334 Drivers/STM32F3xx_HAL_Driver/stm32f3xx_hal.o
 .debug_frame   0x0000000000000984      0x380 Drivers/STM32F3xx_HAL_Driver/stm32f3xx_hal_adc.o
 .debug_frame   0x0000000000000d04      0x638 Drivers/STM32F3xx_HAL_Driver/stm32f3xx_hal_adc_ex.o
 .debug_frame   0x000000000000133c      0x428 Drivers/STM32F3xx_HAL_Driver/stm32f3xx_hal_cortex.o
 .debug_frame   0x0000000000001764      0x224 Drivers/STM32F3xx_HAL_Driver/stm32f3xx_hal_dma.o
 .debug_frame   0x0000000000001988      0x14c Drivers/STM32F3xx_HAL_Driver/stm32f3xx_hal_gpio.o
 .debug_frame   0x0000000000001ad4      0xbe8 Drivers/STM32F3xx_HAL_Driver/stm32f3xx_hal_i2c.o
 .debug_frame   0x00000000000026bc      0x100 Drivers/STM32F3xx_HAL_Driver/stm32f3xx_hal_i2c_ex.o
 .debug_frame   0x00000000000027bc      0x214 Drivers/STM32F3xx_HAL_Driver/stm32f3xx_hal_rcc.o
 .debug_frame   0x00000000000029d0       0xb0 Drivers/STM32F3xx_HAL_Driver/stm32f3xx_hal_rcc_ex.o
 .debug_frame   0x0000000000002a80      0x860 Drivers/STM32F3xx_HAL_Driver/stm32f3xx_hal_spi.o
 .debug_frame   0x00000000000032e0     0x121c Drivers/STM32F3xx_HAL_Driver/stm32f3xx_hal_tim.o
 .debug_frame   0x00000000000044fc      0x688 Drivers/STM32F3xx_HAL_Driver/stm32f3xx_hal_tim_ex.o
 .debug_frame   0x0000000000004b84       0x2c d:/programy/stm32cubeide_1.4.0/stm32cubeide/plugins/com.st.stm32cube.ide.mcu.externaltools.gnu-tools-for-stm32.7-2018-q2-update.win32_1.4.0.202007081208/tools/bin/../lib/gcc/arm-none-eabi/7.3.1/../../../../arm-none-eabi/lib/thumb/v7e-m/fpv4-sp/hard\libc_nano.a(lib_a-init.o)
 .debug_frame   0x0000000000004bb0       0x20 d:/programy/stm32cubeide_1.4.0/stm32cubeide/plugins/com.st.stm32cube.ide.mcu.externaltools.gnu-tools-for-stm32.7-2018-q2-update.win32_1.4.0.202007081208/tools/bin/../lib/gcc/arm-none-eabi/7.3.1/../../../../arm-none-eabi/lib/thumb/v7e-m/fpv4-sp/hard\libc_nano.a(lib_a-memset.o)
